Archive member included because of file (symbol)

C:/Portable/WinAVR-20090313/lib/gcc/avr/4.3.2/avr51\libgcc.a(_udivmodhi4.o)
                              obj/adc.o (__udivmodhi4)
C:/Portable/WinAVR-20090313/lib/gcc/avr/4.3.2/avr51\libgcc.a(_exit.o)
                              C:/Portable/WinAVR-20090313/lib/gcc/avr/4.3.2/../../../../avr/lib/avr51/crtusb1287.o (exit)
C:/Portable/WinAVR-20090313/lib/gcc/avr/4.3.2/avr51\libgcc.a(_clear_bss.o)
                              obj/diskio.o (__do_clear_bss)
C:/Portable/WinAVR-20090313/lib/gcc/avr/4.3.2/../../../../avr/lib/avr51\libc.a(itoa.o)
                              obj/wunder.o (itoa)
C:/Portable/WinAVR-20090313/lib/gcc/avr/4.3.2/../../../../avr/lib/avr51\libc.a(strrev.o)
                              C:/Portable/WinAVR-20090313/lib/gcc/avr/4.3.2/../../../../avr/lib/avr51\libc.a(itoa.o) (strrev)

Discarded input sections

 .data          0x00000000        0x0 C:/Portable/WinAVR-20090313/lib/gcc/avr/4.3.2/../../../../avr/lib/avr51/crtusb1287.o
 .bss           0x00000000        0x0 C:/Portable/WinAVR-20090313/lib/gcc/avr/4.3.2/../../../../avr/lib/avr51/crtusb1287.o
 .text          0x00000000        0x0 obj/wunder.o
 .bss           0x00000000        0x0 obj/wunder.o
 .text          0x00000000        0x0 obj/usart.o
 .data          0x00000000        0x0 obj/usart.o
 .bss           0x00000000        0x0 obj/usart.o
 .text.USART_available
                0x00000000        0x0 obj/usart.o
 .text.USART_receive
                0x00000000        0x0 obj/usart.o
 .text          0x00000000        0x0 obj/adc.o
 .data          0x00000000        0x0 obj/adc.o
 .bss           0x00000000        0x0 obj/adc.o
 .text.ADC_set_channel
                0x00000000        0x0 obj/adc.o
 .text.ADC_set_adjust
                0x00000000        0x0 obj/adc.o
 .text.ADC_set_prescaler
                0x00000000        0x0 obj/adc.o
 .text.ADC_set_free_running
                0x00000000        0x0 obj/adc.o
 .text.ADC_enable_interrupt
                0x00000000        0x0 obj/adc.o
 .text.ADC_disable_interrupt
                0x00000000        0x0 obj/adc.o
 .text.ADC_disable
                0x00000000        0x0 obj/adc.o
 .text.ADC_start
                0x00000000        0x0 obj/adc.o
 .text.ADC_finish
                0x00000000        0x0 obj/adc.o
 .text.ADC_done
                0x00000000        0x0 obj/adc.o
 .text.read_ADC
                0x00000000        0x0 obj/adc.o
 .text.read_ADC_averaged
                0x00000000        0x0 obj/adc.o
 .text.read_precise_ADC
                0x00000000        0x0 obj/adc.o
 .text.read_precise_ADC_averaged
                0x00000000        0x0 obj/adc.o
 .text          0x00000000        0x0 obj/diskio.o
 .data          0x00000000        0x0 obj/diskio.o
 .bss           0x00000000        0x0 obj/diskio.o
 .text.select   0x00000000        0x0 obj/diskio.o
 .text.rcvr_datablock
                0x00000000        0x0 obj/diskio.o
 .text.xmit_datablock
                0x00000000        0x0 obj/diskio.o
 .text.send_cmd
                0x00000000        0x0 obj/diskio.o
 .text.disk_initialize
                0x00000000        0x0 obj/diskio.o
 .text.disk_status
                0x00000000        0x0 obj/diskio.o
 .text.disk_read
                0x00000000        0x0 obj/diskio.o
 .text.disk_write
                0x00000000        0x0 obj/diskio.o
 .text.disk_ioctl
                0x00000000        0x0 obj/diskio.o
 .text.disk_timerproc
                0x00000000        0x0 obj/diskio.o
 .text.get_fattime
                0x00000000        0x0 obj/diskio.o
 .text          0x00000000        0x0 obj/leds.o
 .data          0x00000000        0x0 obj/leds.o
 .bss           0x00000000        0x0 obj/leds.o
 .text.update_row
                0x00000000        0x0 obj/leds.o
 .text.led_off  0x00000000        0x0 obj/leds.o
 .text          0x00000000        0x0 C:/Portable/WinAVR-20090313/lib/gcc/avr/4.3.2/avr51\libgcc.a(_udivmodhi4.o)
 .data          0x00000000        0x0 C:/Portable/WinAVR-20090313/lib/gcc/avr/4.3.2/avr51\libgcc.a(_udivmodhi4.o)
 .bss           0x00000000        0x0 C:/Portable/WinAVR-20090313/lib/gcc/avr/4.3.2/avr51\libgcc.a(_udivmodhi4.o)
 .text          0x00000000        0x0 C:/Portable/WinAVR-20090313/lib/gcc/avr/4.3.2/avr51\libgcc.a(_exit.o)
 .data          0x00000000        0x0 C:/Portable/WinAVR-20090313/lib/gcc/avr/4.3.2/avr51\libgcc.a(_exit.o)
 .bss           0x00000000        0x0 C:/Portable/WinAVR-20090313/lib/gcc/avr/4.3.2/avr51\libgcc.a(_exit.o)
 .text.libgcc   0x00000000        0x0 C:/Portable/WinAVR-20090313/lib/gcc/avr/4.3.2/avr51\libgcc.a(_exit.o)
 .text          0x00000000        0x0 C:/Portable/WinAVR-20090313/lib/gcc/avr/4.3.2/avr51\libgcc.a(_clear_bss.o)
 .data          0x00000000        0x0 C:/Portable/WinAVR-20090313/lib/gcc/avr/4.3.2/avr51\libgcc.a(_clear_bss.o)
 .bss           0x00000000        0x0 C:/Portable/WinAVR-20090313/lib/gcc/avr/4.3.2/avr51\libgcc.a(_clear_bss.o)
 .text.libgcc   0x00000000        0x0 C:/Portable/WinAVR-20090313/lib/gcc/avr/4.3.2/avr51\libgcc.a(_clear_bss.o)
 .data          0x00000000        0x0 C:/Portable/WinAVR-20090313/lib/gcc/avr/4.3.2/../../../../avr/lib/avr51\libc.a(itoa.o)
 .bss           0x00000000        0x0 C:/Portable/WinAVR-20090313/lib/gcc/avr/4.3.2/../../../../avr/lib/avr51\libc.a(itoa.o)
 .data          0x00000000        0x0 C:/Portable/WinAVR-20090313/lib/gcc/avr/4.3.2/../../../../avr/lib/avr51\libc.a(strrev.o)
 .bss           0x00000000        0x0 C:/Portable/WinAVR-20090313/lib/gcc/avr/4.3.2/../../../../avr/lib/avr51\libc.a(strrev.o)

Memory Configuration

Name             Origin             Length             Attributes
text             0x00000000         0x00020000         xr
data             0x00800060         0x0000ffa0         rw !x
eeprom           0x00810000         0x00010000         rw !x
fuse             0x00820000         0x00000400         rw !x
lock             0x00830000         0x00000400         rw !x
signature        0x00840000         0x00000400         rw !x
*default*        0x00000000         0xffffffff

Linker script and memory map

Address of section .data set to 0x800100
LOAD C:/Portable/WinAVR-20090313/lib/gcc/avr/4.3.2/../../../../avr/lib/avr51/crtusb1287.o
LOAD obj/wunder.o
LOAD obj/usart.o
LOAD obj/adc.o
LOAD obj/diskio.o
LOAD obj/leds.o
LOAD C:/Portable/WinAVR-20090313/lib/gcc/avr/4.3.2/../../../../avr/lib/avr51\libm.a
LOAD C:/Portable/WinAVR-20090313/lib/gcc/avr/4.3.2/avr51\libgcc.a
LOAD C:/Portable/WinAVR-20090313/lib/gcc/avr/4.3.2/../../../../avr/lib/avr51\libc.a
LOAD C:/Portable/WinAVR-20090313/lib/gcc/avr/4.3.2/avr51\libgcc.a

.hash
 *(.hash)

.dynsym
 *(.dynsym)

.dynstr
 *(.dynstr)

.gnu.version
 *(.gnu.version)

.gnu.version_d
 *(.gnu.version_d)

.gnu.version_r
 *(.gnu.version_r)

.rel.init
 *(.rel.init)

.rela.init
 *(.rela.init)

.rel.text
 *(.rel.text)
 *(.rel.text.*)
 *(.rel.gnu.linkonce.t*)

.rela.text
 *(.rela.text)
 *(.rela.text.*)
 *(.rela.gnu.linkonce.t*)

.rel.fini
 *(.rel.fini)

.rela.fini
 *(.rela.fini)

.rel.rodata
 *(.rel.rodata)
 *(.rel.rodata.*)
 *(.rel.gnu.linkonce.r*)

.rela.rodata
 *(.rela.rodata)
 *(.rela.rodata.*)
 *(.rela.gnu.linkonce.r*)

.rel.data
 *(.rel.data)
 *(.rel.data.*)
 *(.rel.gnu.linkonce.d*)

.rela.data
 *(.rela.data)
 *(.rela.data.*)
 *(.rela.gnu.linkonce.d*)

.rel.ctors
 *(.rel.ctors)

.rela.ctors
 *(.rela.ctors)

.rel.dtors
 *(.rel.dtors)

.rela.dtors
 *(.rela.dtors)

.rel.got
 *(.rel.got)

.rela.got
 *(.rela.got)

.rel.bss
 *(.rel.bss)

.rela.bss
 *(.rela.bss)

.rel.plt
 *(.rel.plt)

.rela.plt
 *(.rela.plt)

.text           0x00000000      0x540
 *(.vectors)
 .vectors       0x00000000       0x98 C:/Portable/WinAVR-20090313/lib/gcc/avr/4.3.2/../../../../avr/lib/avr51/crtusb1287.o
                0x00000000                __vectors
                0x00000000                __vector_default
 *(.vectors)
 *(.progmem.gcc*)
 *(.progmem*)
                0x00000098                . = ALIGN (0x2)
                0x00000098                __trampolines_start = .
 *(.trampolines)
 .trampolines   0x00000098        0x0 linker stubs
 *(.trampolines*)
                0x00000098                __trampolines_end = .
 *(.jumptables)
 *(.jumptables*)
 *(.lowtext)
 *(.lowtext*)
                0x00000098                __ctors_start = .
 *(.ctors)
                0x00000098                __ctors_end = .
                0x00000098                __dtors_start = .
 *(.dtors)
                0x00000098                __dtors_end = .
 SORT(*)(.ctors)
 SORT(*)(.dtors)
 *(.init0)
 .init0         0x00000098        0x0 C:/Portable/WinAVR-20090313/lib/gcc/avr/4.3.2/../../../../avr/lib/avr51/crtusb1287.o
                0x00000098                __init
 *(.init0)
 *(.init1)
 *(.init1)
 *(.init2)
 .init2         0x00000098        0xc C:/Portable/WinAVR-20090313/lib/gcc/avr/4.3.2/../../../../avr/lib/avr51/crtusb1287.o
 *(.init2)
 *(.init3)
 *(.init3)
 *(.init4)
 .init4         0x000000a4       0x1a C:/Portable/WinAVR-20090313/lib/gcc/avr/4.3.2/../../../../avr/lib/avr51/crtusb1287.o
                0x000000a4                __do_copy_data
 .init4         0x000000be       0x10 C:/Portable/WinAVR-20090313/lib/gcc/avr/4.3.2/avr51\libgcc.a(_clear_bss.o)
                0x000000be                __do_clear_bss
 *(.init4)
 *(.init5)
 *(.init5)
 *(.init6)
 *(.init6)
 *(.init7)
 *(.init7)
 *(.init8)
 *(.init8)
 *(.init9)
 .init9         0x000000ce        0x4 C:/Portable/WinAVR-20090313/lib/gcc/avr/4.3.2/../../../../avr/lib/avr51/crtusb1287.o
 *(.init9)
 *(.text)
 .text          0x000000d2        0x2 C:/Portable/WinAVR-20090313/lib/gcc/avr/4.3.2/../../../../avr/lib/avr51/crtusb1287.o
                0x000000d2                __vector_22
                0x000000d2                __vector_28
                0x000000d2                __vector_1
                0x000000d2                __vector_32
                0x000000d2                __vector_34
                0x000000d2                __vector_24
                0x000000d2                __vector_12
                0x000000d2                __bad_interrupt
                0x000000d2                __vector_6
                0x000000d2                __vector_31
                0x000000d2                __vector_35
                0x000000d2                __vector_3
                0x000000d2                __vector_23
                0x000000d2                __vector_30
                0x000000d2                __vector_25
                0x000000d2                __vector_11
                0x000000d2                __vector_13
                0x000000d2                __vector_17
                0x000000d2                __vector_19
                0x000000d2                __vector_7
                0x000000d2                __vector_27
                0x000000d2                __vector_5
                0x000000d2                __vector_33
                0x000000d2                __vector_37
                0x000000d2                __vector_4
                0x000000d2                __vector_9
                0x000000d2                __vector_2
                0x000000d2                __vector_21
                0x000000d2                __vector_15
                0x000000d2                __vector_36
                0x000000d2                __vector_29
                0x000000d2                __vector_8
                0x000000d2                __vector_26
                0x000000d2                __vector_14
                0x000000d2                __vector_10
                0x000000d2                __vector_16
                0x000000d2                __vector_18
                0x000000d2                __vector_20
 .text          0x000000d4       0x3e C:/Portable/WinAVR-20090313/lib/gcc/avr/4.3.2/../../../../avr/lib/avr51\libc.a(itoa.o)
                0x000000d4                itoa
 .text          0x00000112       0x20 C:/Portable/WinAVR-20090313/lib/gcc/avr/4.3.2/../../../../avr/lib/avr51\libc.a(strrev.o)
                0x00000112                strrev
                0x00000132                . = ALIGN (0x2)
 *(.text.*)
 .text.initialize
                0x00000132       0x80 obj/wunder.o
                0x00000132                initialize
 .text.main     0x000001b2      0x194 obj/wunder.o
                0x000001b2                main
 .text.USART_init
                0x00000346       0x16 obj/usart.o
                0x00000346                USART_init
 .text.USART_transmit
                0x0000035c       0x10 obj/usart.o
                0x0000035c                USART_transmit
 .text.USART_send_string
                0x0000036c       0x1a obj/usart.o
                0x0000036c                USART_send_string
 .text.ADC_set_reference
                0x00000386       0x34 obj/adc.o
                0x00000386                ADC_set_reference
 .text.ADC_enable
                0x000003ba        0xc obj/adc.o
                0x000003ba                ADC_enable
 .text.setup_ADC
                0x000003c6       0x4c obj/adc.o
                0x000003c6                setup_ADC
 .text.set_array_green
                0x00000412       0x1e obj/leds.o
                0x00000412                set_array_green
 .text.set_array_blue
                0x00000430       0x1e obj/leds.o
                0x00000430                set_array_blue
 .text.set_array_red
                0x0000044e       0x1e obj/leds.o
                0x0000044e                set_array_red
 .text.clear_array
                0x0000046c       0x1e obj/leds.o
                0x0000046c                clear_array
 .text.led_red  0x0000048a       0x2e obj/leds.o
                0x0000048a                led_red
 .text.led_green
                0x000004b8       0x2e obj/leds.o
                0x000004b8                led_green
 .text.led_blue
                0x000004e6       0x2e obj/leds.o
                0x000004e6                led_blue
 .text.libgcc   0x00000514       0x28 C:/Portable/WinAVR-20090313/lib/gcc/avr/4.3.2/avr51\libgcc.a(_udivmodhi4.o)
                0x00000514                __udivmodhi4
                0x0000053c                . = ALIGN (0x2)
 *(.fini9)
 .fini9         0x0000053c        0x0 C:/Portable/WinAVR-20090313/lib/gcc/avr/4.3.2/avr51\libgcc.a(_exit.o)
                0x0000053c                exit
                0x0000053c                _exit
 *(.fini9)
 *(.fini8)
 *(.fini8)
 *(.fini7)
 *(.fini7)
 *(.fini6)
 *(.fini6)
 *(.fini5)
 *(.fini5)
 *(.fini4)
 *(.fini4)
 *(.fini3)
 *(.fini3)
 *(.fini2)
 *(.fini2)
 *(.fini1)
 *(.fini1)
 *(.fini0)
 .fini0         0x0000053c        0x4 C:/Portable/WinAVR-20090313/lib/gcc/avr/4.3.2/avr51\libgcc.a(_exit.o)
 *(.fini0)
                0x00000540                _etext = .

.data           0x00800100       0xd6 load address 0x00000540
                0x00800100                PROVIDE (__data_start, .)
 *(.data)
 .data          0x00800100       0xd6 obj/wunder.o
 *(.data*)
 *(.rodata)
 *(.rodata*)
 *(.gnu.linkonce.d*)
                0x008001d6                . = ALIGN (0x2)
                0x008001d6                _edata = .
                0x008001d6                PROVIDE (__data_end, .)

.bss            0x008001d6        0x0
                0x008001d6                PROVIDE (__bss_start, .)
 *(.bss)
 *(.bss*)
 *(COMMON)
                0x008001d6                PROVIDE (__bss_end, .)
                0x00000540                __data_load_start = LOADADDR (.data)
                0x00000616                __data_load_end = (__data_load_start + SIZEOF (.data))

.noinit         0x008001d6        0x0
                0x008001d6                PROVIDE (__noinit_start, .)
 *(.noinit*)
                0x008001d6                PROVIDE (__noinit_end, .)
                0x008001d6                _end = .
                0x008001d6                PROVIDE (__heap_start, .)

.eeprom         0x00810000        0x0
 *(.eeprom*)
                0x00810000                __eeprom_end = .

.fuse
 *(.fuse)
 *(.lfuse)
 *(.hfuse)
 *(.efuse)

.lock
 *(.lock*)

.signature
 *(.signature*)

.stab
 *(.stab)

.stabstr
 *(.stabstr)

.stab.excl
 *(.stab.excl)

.stab.exclstr
 *(.stab.exclstr)

.stab.index
 *(.stab.index)

.stab.indexstr
 *(.stab.indexstr)

.comment
 *(.comment)

.debug
 *(.debug)

.line
 *(.line)

.debug_srcinfo
 *(.debug_srcinfo)

.debug_sfnames
 *(.debug_sfnames)

.debug_aranges  0x00000000      0x1d8
 *(.debug_aranges)
 .debug_aranges
                0x00000000       0x28 obj/wunder.o
 .debug_aranges
                0x00000028       0x40 obj/usart.o
 .debug_aranges
                0x00000068       0xa0 obj/adc.o
 .debug_aranges
                0x00000108       0x70 obj/diskio.o
 .debug_aranges
                0x00000178       0x60 obj/leds.o

.debug_pubnames
                0x00000000      0x31a
 *(.debug_pubnames)
 .debug_pubnames
                0x00000000       0x2a obj/wunder.o
 .debug_pubnames
                0x0000002a       0x70 obj/usart.o
 .debug_pubnames
                0x0000009a      0x15e obj/adc.o
 .debug_pubnames
                0x000001f8       0x85 obj/diskio.o
 .debug_pubnames
                0x0000027d       0x9d obj/leds.o

.debug_info     0x00000000     0x1206
 *(.debug_info)
 .debug_info    0x00000000      0x213 obj/wunder.o
 .debug_info    0x00000213      0x15b obj/usart.o
 .debug_info    0x0000036e      0x4a4 obj/adc.o
 .debug_info    0x00000812      0x707 obj/diskio.o
 .debug_info    0x00000f19      0x2ed obj/leds.o
 *(.gnu.linkonce.wi.*)

.debug_abbrev   0x00000000      0x730
 *(.debug_abbrev)
 .debug_abbrev  0x00000000      0x13b obj/wunder.o
 .debug_abbrev  0x0000013b      0x107 obj/usart.o
 .debug_abbrev  0x00000242      0x18c obj/adc.o
 .debug_abbrev  0x000003ce      0x25f obj/diskio.o
 .debug_abbrev  0x0000062d      0x103 obj/leds.o

.debug_line     0x00000000     0x173a
 *(.debug_line)
 .debug_line    0x00000000      0x37a obj/wunder.o
 .debug_line    0x0000037a      0x138 obj/usart.o
 .debug_line    0x000004b2      0x412 obj/adc.o
 .debug_line    0x000008c4      0xa7b obj/diskio.o
 .debug_line    0x0000133f      0x3fb obj/leds.o

.debug_frame    0x00000000      0x310
 *(.debug_frame)
 .debug_frame   0x00000000       0x30 obj/wunder.o
 .debug_frame   0x00000030       0x60 obj/usart.o
 .debug_frame   0x00000090      0x120 obj/adc.o
 .debug_frame   0x000001b0       0xc0 obj/diskio.o
 .debug_frame   0x00000270       0xa0 obj/leds.o

.debug_str      0x00000000      0x468
 *(.debug_str)
 .debug_str     0x00000000       0xf8 obj/wunder.o
                                0x13c (size before relaxing)
 .debug_str     0x000000f8       0x5c obj/usart.o
                                0x115 (size before relaxing)
 .debug_str     0x00000154      0x164 obj/adc.o
                                0x233 (size before relaxing)
 .debug_str     0x000002b8      0x13d obj/diskio.o
                                0x225 (size before relaxing)
 .debug_str     0x000003f5       0x73 obj/leds.o
                                0x13a (size before relaxing)

.debug_loc      0x00000000      0x840
 *(.debug_loc)
 .debug_loc     0x00000000       0x78 obj/wunder.o
 .debug_loc     0x00000078       0x5e obj/usart.o
 .debug_loc     0x000000d6      0x18f obj/adc.o
 .debug_loc     0x00000265      0x5a2 obj/diskio.o
 .debug_loc     0x00000807       0x39 obj/leds.o

.debug_macinfo
 *(.debug_macinfo)
OUTPUT(wunder.elf elf32-avr)
LOAD linker stubs

.debug_ranges   0x00000000      0x288
 .debug_ranges  0x00000000       0x68 obj/wunder.o
 .debug_ranges  0x00000068       0x38 obj/usart.o
 .debug_ranges  0x000000a0       0x98 obj/adc.o
 .debug_ranges  0x00000138       0xc8 obj/diskio.o
 .debug_ranges  0x00000200       0x88 obj/leds.o

Cross Reference Table

Symbol                                            File
ADC_disable                                       obj/adc.o
ADC_disable_interrupt                             obj/adc.o
ADC_done                                          obj/adc.o
ADC_enable                                        obj/adc.o
                                                  obj/wunder.o
ADC_enable_interrupt                              obj/adc.o
ADC_finish                                        obj/adc.o
ADC_set_adjust                                    obj/adc.o
ADC_set_channel                                   obj/adc.o
ADC_set_free_running                              obj/adc.o
ADC_set_prescaler                                 obj/adc.o
ADC_set_reference                                 obj/adc.o
                                                  obj/wunder.o
ADC_start                                         obj/adc.o
USART_available                                   obj/usart.o
USART_init                                        obj/usart.o
                                                  obj/wunder.o
USART_receive                                     obj/usart.o
USART_send_string                                 obj/usart.o
                                                  obj/wunder.o
USART_transmit                                    obj/usart.o
                                                  obj/wunder.o
__bad_interrupt                                   C:/Portable/WinAVR-20090313/lib/gcc/avr/4.3.2/../../../../avr/lib/avr51/crtusb1287.o
__bss_end                                         C:/Portable/WinAVR-20090313/lib/gcc/avr/4.3.2/avr51\libgcc.a(_clear_bss.o)
__bss_start                                       C:/Portable/WinAVR-20090313/lib/gcc/avr/4.3.2/avr51\libgcc.a(_clear_bss.o)
__data_end                                        C:/Portable/WinAVR-20090313/lib/gcc/avr/4.3.2/../../../../avr/lib/avr51/crtusb1287.o
__data_load_start                                 C:/Portable/WinAVR-20090313/lib/gcc/avr/4.3.2/../../../../avr/lib/avr51/crtusb1287.o
__data_start                                      C:/Portable/WinAVR-20090313/lib/gcc/avr/4.3.2/../../../../avr/lib/avr51/crtusb1287.o
__do_clear_bss                                    C:/Portable/WinAVR-20090313/lib/gcc/avr/4.3.2/avr51\libgcc.a(_clear_bss.o)
                                                  obj/diskio.o
__do_copy_data                                    C:/Portable/WinAVR-20090313/lib/gcc/avr/4.3.2/../../../../avr/lib/avr51/crtusb1287.o
                                                  obj/diskio.o
                                                  obj/wunder.o
__heap_end                                        C:/Portable/WinAVR-20090313/lib/gcc/avr/4.3.2/../../../../avr/lib/avr51/crtusb1287.o
__init                                            C:/Portable/WinAVR-20090313/lib/gcc/avr/4.3.2/../../../../avr/lib/avr51/crtusb1287.o
__stack                                           C:/Portable/WinAVR-20090313/lib/gcc/avr/4.3.2/../../../../avr/lib/avr51/crtusb1287.o
__udivmodhi4                                      C:/Portable/WinAVR-20090313/lib/gcc/avr/4.3.2/avr51\libgcc.a(_udivmodhi4.o)
                                                  C:/Portable/WinAVR-20090313/lib/gcc/avr/4.3.2/../../../../avr/lib/avr51\libc.a(itoa.o)
                                                  obj/adc.o
__vector_1                                        C:/Portable/WinAVR-20090313/lib/gcc/avr/4.3.2/../../../../avr/lib/avr51/crtusb1287.o
__vector_10                                       C:/Portable/WinAVR-20090313/lib/gcc/avr/4.3.2/../../../../avr/lib/avr51/crtusb1287.o
__vector_11                                       C:/Portable/WinAVR-20090313/lib/gcc/avr/4.3.2/../../../../avr/lib/avr51/crtusb1287.o
__vector_12                                       C:/Portable/WinAVR-20090313/lib/gcc/avr/4.3.2/../../../../avr/lib/avr51/crtusb1287.o
__vector_13                                       C:/Portable/WinAVR-20090313/lib/gcc/avr/4.3.2/../../../../avr/lib/avr51/crtusb1287.o
__vector_14                                       C:/Portable/WinAVR-20090313/lib/gcc/avr/4.3.2/../../../../avr/lib/avr51/crtusb1287.o
__vector_15                                       C:/Portable/WinAVR-20090313/lib/gcc/avr/4.3.2/../../../../avr/lib/avr51/crtusb1287.o
__vector_16                                       C:/Portable/WinAVR-20090313/lib/gcc/avr/4.3.2/../../../../avr/lib/avr51/crtusb1287.o
__vector_17                                       C:/Portable/WinAVR-20090313/lib/gcc/avr/4.3.2/../../../../avr/lib/avr51/crtusb1287.o
__vector_18                                       C:/Portable/WinAVR-20090313/lib/gcc/avr/4.3.2/../../../../avr/lib/avr51/crtusb1287.o
__vector_19                                       C:/Portable/WinAVR-20090313/lib/gcc/avr/4.3.2/../../../../avr/lib/avr51/crtusb1287.o
__vector_2                                        C:/Portable/WinAVR-20090313/lib/gcc/avr/4.3.2/../../../../avr/lib/avr51/crtusb1287.o
__vector_20                                       C:/Portable/WinAVR-20090313/lib/gcc/avr/4.3.2/../../../../avr/lib/avr51/crtusb1287.o
__vector_21                                       C:/Portable/WinAVR-20090313/lib/gcc/avr/4.3.2/../../../../avr/lib/avr51/crtusb1287.o
__vector_22                                       C:/Portable/WinAVR-20090313/lib/gcc/avr/4.3.2/../../../../avr/lib/avr51/crtusb1287.o
__vector_23                                       C:/Portable/WinAVR-20090313/lib/gcc/avr/4.3.2/../../../../avr/lib/avr51/crtusb1287.o
__vector_24                                       C:/Portable/WinAVR-20090313/lib/gcc/avr/4.3.2/../../../../avr/lib/avr51/crtusb1287.o
__vector_25                                       C:/Portable/WinAVR-20090313/lib/gcc/avr/4.3.2/../../../../avr/lib/avr51/crtusb1287.o
__vector_26                                       C:/Portable/WinAVR-20090313/lib/gcc/avr/4.3.2/../../../../avr/lib/avr51/crtusb1287.o
__vector_27                                       C:/Portable/WinAVR-20090313/lib/gcc/avr/4.3.2/../../../../avr/lib/avr51/crtusb1287.o
__vector_28                                       C:/Portable/WinAVR-20090313/lib/gcc/avr/4.3.2/../../../../avr/lib/avr51/crtusb1287.o
__vector_29                                       C:/Portable/WinAVR-20090313/lib/gcc/avr/4.3.2/../../../../avr/lib/avr51/crtusb1287.o
__vector_3                                        C:/Portable/WinAVR-20090313/lib/gcc/avr/4.3.2/../../../../avr/lib/avr51/crtusb1287.o
__vector_30                                       C:/Portable/WinAVR-20090313/lib/gcc/avr/4.3.2/../../../../avr/lib/avr51/crtusb1287.o
__vector_31                                       C:/Portable/WinAVR-20090313/lib/gcc/avr/4.3.2/../../../../avr/lib/avr51/crtusb1287.o
__vector_32                                       C:/Portable/WinAVR-20090313/lib/gcc/avr/4.3.2/../../../../avr/lib/avr51/crtusb1287.o
__vector_33                                       C:/Portable/WinAVR-20090313/lib/gcc/avr/4.3.2/../../../../avr/lib/avr51/crtusb1287.o
__vector_34                                       C:/Portable/WinAVR-20090313/lib/gcc/avr/4.3.2/../../../../avr/lib/avr51/crtusb1287.o
__vector_35                                       C:/Portable/WinAVR-20090313/lib/gcc/avr/4.3.2/../../../../avr/lib/avr51/crtusb1287.o
__vector_36                                       C:/Portable/WinAVR-20090313/lib/gcc/avr/4.3.2/../../../../avr/lib/avr51/crtusb1287.o
__vector_37                                       C:/Portable/WinAVR-20090313/lib/gcc/avr/4.3.2/../../../../avr/lib/avr51/crtusb1287.o
__vector_4                                        C:/Portable/WinAVR-20090313/lib/gcc/avr/4.3.2/../../../../avr/lib/avr51/crtusb1287.o
__vector_5                                        C:/Portable/WinAVR-20090313/lib/gcc/avr/4.3.2/../../../../avr/lib/avr51/crtusb1287.o
__vector_6                                        C:/Portable/WinAVR-20090313/lib/gcc/avr/4.3.2/../../../../avr/lib/avr51/crtusb1287.o
__vector_7                                        C:/Portable/WinAVR-20090313/lib/gcc/avr/4.3.2/../../../../avr/lib/avr51/crtusb1287.o
__vector_8                                        C:/Portable/WinAVR-20090313/lib/gcc/avr/4.3.2/../../../../avr/lib/avr51/crtusb1287.o
__vector_9                                        C:/Portable/WinAVR-20090313/lib/gcc/avr/4.3.2/../../../../avr/lib/avr51/crtusb1287.o
__vector_default                                  C:/Portable/WinAVR-20090313/lib/gcc/avr/4.3.2/../../../../avr/lib/avr51/crtusb1287.o
__vectors                                         C:/Portable/WinAVR-20090313/lib/gcc/avr/4.3.2/../../../../avr/lib/avr51/crtusb1287.o
_exit                                             C:/Portable/WinAVR-20090313/lib/gcc/avr/4.3.2/avr51\libgcc.a(_exit.o)
clear_array                                       obj/leds.o
                                                  obj/wunder.o
disk_initialize                                   obj/diskio.o
disk_ioctl                                        obj/diskio.o
disk_read                                         obj/diskio.o
disk_status                                       obj/diskio.o
disk_timerproc                                    obj/diskio.o
disk_write                                        obj/diskio.o
exit                                              C:/Portable/WinAVR-20090313/lib/gcc/avr/4.3.2/avr51\libgcc.a(_exit.o)
                                                  C:/Portable/WinAVR-20090313/lib/gcc/avr/4.3.2/../../../../avr/lib/avr51/crtusb1287.o
get_fattime                                       obj/diskio.o
initialize                                        obj/wunder.o
itoa                                              C:/Portable/WinAVR-20090313/lib/gcc/avr/4.3.2/../../../../avr/lib/avr51\libc.a(itoa.o)
                                                  obj/wunder.o
led_blue                                          obj/leds.o
                                                  obj/wunder.o
led_green                                         obj/leds.o
                                                  obj/wunder.o
led_off                                           obj/leds.o
led_red                                           obj/leds.o
                                                  obj/wunder.o
main                                              obj/wunder.o
                                                  C:/Portable/WinAVR-20090313/lib/gcc/avr/4.3.2/../../../../avr/lib/avr51/crtusb1287.o
read_ADC                                          obj/adc.o
read_ADC_averaged                                 obj/adc.o
read_precise_ADC                                  obj/adc.o
read_precise_ADC_averaged                         obj/adc.o
set_array_blue                                    obj/leds.o
                                                  obj/wunder.o
set_array_green                                   obj/leds.o
                                                  obj/wunder.o
set_array_red                                     obj/leds.o
                                                  obj/wunder.o
setup_ADC                                         obj/adc.o
                                                  obj/wunder.o
strrev                                            C:/Portable/WinAVR-20090313/lib/gcc/avr/4.3.2/../../../../avr/lib/avr51\libc.a(strrev.o)
                                                  C:/Portable/WinAVR-20090313/lib/gcc/avr/4.3.2/../../../../avr/lib/avr51\libc.a(itoa.o)
update_row                                        obj/leds.o
