Archive member included because of file (symbol)

C:/Portable/WinAVR-20090313/lib/gcc/avr/4.3.2/../../../../avr/lib/avr51\libm.a(cmpsf2.o)
                              obj/wunder.o (__lesf2)
C:/Portable/WinAVR-20090313/lib/gcc/avr/4.3.2/../../../../avr/lib/avr51\libm.a(floatsisf.o)
                              obj/wunder.o (__floatsisf)
C:/Portable/WinAVR-20090313/lib/gcc/avr/4.3.2/../../../../avr/lib/avr51\libm.a(fp_cmp.o)
                              C:/Portable/WinAVR-20090313/lib/gcc/avr/4.3.2/../../../../avr/lib/avr51\libm.a(cmpsf2.o) (__fp_cmp)
C:/Portable/WinAVR-20090313/lib/gcc/avr/4.3.2/avr51\libgcc.a(_udivmodhi4.o)
                              adc.o (__udivmodhi4)
C:/Portable/WinAVR-20090313/lib/gcc/avr/4.3.2/avr51\libgcc.a(_exit.o)
                              C:/Portable/WinAVR-20090313/lib/gcc/avr/4.3.2/../../../../avr/lib/avr51/crtusb1287.o (exit)
C:/Portable/WinAVR-20090313/lib/gcc/avr/4.3.2/avr51\libgcc.a(_clear_bss.o)
                              usart.o (__do_clear_bss)

Discarded input sections

 .data          0x00000000        0x0 C:/Portable/WinAVR-20090313/lib/gcc/avr/4.3.2/../../../../avr/lib/avr51/crtusb1287.o
 .bss           0x00000000        0x0 C:/Portable/WinAVR-20090313/lib/gcc/avr/4.3.2/../../../../avr/lib/avr51/crtusb1287.o
 .text          0x00000000        0x0 obj/wunder.o
 .bss           0x00000000        0x0 obj/wunder.o
 .text          0x00000000        0x0 usart.o
 .data          0x00000000        0x0 usart.o
 .bss           0x00000000        0x0 usart.o
 .text.USART_Available
                0x00000000        0x0 usart.o
 .text.USART_Receive
                0x00000000        0x0 usart.o
 .text          0x00000000        0x0 adc.o
 .data          0x00000000        0x0 adc.o
 .bss           0x00000000        0x0 adc.o
 .text.ADCSetChannel
                0x00000000        0x0 adc.o
 .text.ADCSetAdjust
                0x00000000        0x0 adc.o
 .text.ADCEnableInterrupt
                0x00000000        0x0 adc.o
 .text.ADCDisableInterrupt
                0x00000000        0x0 adc.o
 .text.ADCDisable
                0x00000000        0x0 adc.o
 .text.ReadADC  0x00000000        0x0 adc.o
 .text.ReadADCAveraged
                0x00000000        0x0 adc.o
 .text.ReadPreciseADC
                0x00000000        0x0 adc.o
 .text.ReadPreciseADCAveraged
                0x00000000        0x0 adc.o
 .text          0x00000000        0x0 diskio.o
 .data          0x00000000        0x0 diskio.o
 .bss           0x00000000        0x0 diskio.o
 .text.rcvr_spi
                0x00000000        0x0 diskio.o
 .text.wait_ready
                0x00000000        0x0 diskio.o
 .text.deselect
                0x00000000        0x0 diskio.o
 .text.select   0x00000000        0x0 diskio.o
 .text.rcvr_datablock
                0x00000000        0x0 diskio.o
 .text.xmit_datablock
                0x00000000        0x0 diskio.o
 .text.send_cmd
                0x00000000        0x0 diskio.o
 .text.disk_initialize
                0x00000000        0x0 diskio.o
 .text.disk_status
                0x00000000        0x0 diskio.o
 .text.disk_read
                0x00000000        0x0 diskio.o
 .text.disk_write
                0x00000000        0x0 diskio.o
 .text.disk_ioctl
                0x00000000        0x0 diskio.o
 .text.disk_timerproc
                0x00000000        0x0 diskio.o
 .text.get_fattime
                0x00000000        0x0 diskio.o
 .text          0x00000000        0x0 leds.o
 .data          0x00000000        0x0 leds.o
 .bss           0x00000000        0x0 leds.o
 .text.set_array_green
                0x00000000        0x0 leds.o
 .text.set_array_red
                0x00000000        0x0 leds.o
 .text          0x00000000        0x0 C:/Portable/WinAVR-20090313/lib/gcc/avr/4.3.2/../../../../avr/lib/avr51\libm.a(cmpsf2.o)
 .data          0x00000000        0x0 C:/Portable/WinAVR-20090313/lib/gcc/avr/4.3.2/../../../../avr/lib/avr51\libm.a(cmpsf2.o)
 .bss           0x00000000        0x0 C:/Portable/WinAVR-20090313/lib/gcc/avr/4.3.2/../../../../avr/lib/avr51\libm.a(cmpsf2.o)
 .text          0x00000000        0x0 C:/Portable/WinAVR-20090313/lib/gcc/avr/4.3.2/../../../../avr/lib/avr51\libm.a(floatsisf.o)
 .data          0x00000000        0x0 C:/Portable/WinAVR-20090313/lib/gcc/avr/4.3.2/../../../../avr/lib/avr51\libm.a(floatsisf.o)
 .bss           0x00000000        0x0 C:/Portable/WinAVR-20090313/lib/gcc/avr/4.3.2/../../../../avr/lib/avr51\libm.a(floatsisf.o)
 .text          0x00000000        0x0 C:/Portable/WinAVR-20090313/lib/gcc/avr/4.3.2/../../../../avr/lib/avr51\libm.a(fp_cmp.o)
 .data          0x00000000        0x0 C:/Portable/WinAVR-20090313/lib/gcc/avr/4.3.2/../../../../avr/lib/avr51\libm.a(fp_cmp.o)
 .bss           0x00000000        0x0 C:/Portable/WinAVR-20090313/lib/gcc/avr/4.3.2/../../../../avr/lib/avr51\libm.a(fp_cmp.o)
 .text          0x00000000        0x0 C:/Portable/WinAVR-20090313/lib/gcc/avr/4.3.2/avr51\libgcc.a(_udivmodhi4.o)
 .data          0x00000000        0x0 C:/Portable/WinAVR-20090313/lib/gcc/avr/4.3.2/avr51\libgcc.a(_udivmodhi4.o)
 .bss           0x00000000        0x0 C:/Portable/WinAVR-20090313/lib/gcc/avr/4.3.2/avr51\libgcc.a(_udivmodhi4.o)
 .text.libgcc   0x00000000        0x0 C:/Portable/WinAVR-20090313/lib/gcc/avr/4.3.2/avr51\libgcc.a(_udivmodhi4.o)
 .text          0x00000000        0x0 C:/Portable/WinAVR-20090313/lib/gcc/avr/4.3.2/avr51\libgcc.a(_exit.o)
 .data          0x00000000        0x0 C:/Portable/WinAVR-20090313/lib/gcc/avr/4.3.2/avr51\libgcc.a(_exit.o)
 .bss           0x00000000        0x0 C:/Portable/WinAVR-20090313/lib/gcc/avr/4.3.2/avr51\libgcc.a(_exit.o)
 .text.libgcc   0x00000000        0x0 C:/Portable/WinAVR-20090313/lib/gcc/avr/4.3.2/avr51\libgcc.a(_exit.o)
 .text          0x00000000        0x0 C:/Portable/WinAVR-20090313/lib/gcc/avr/4.3.2/avr51\libgcc.a(_clear_bss.o)
 .data          0x00000000        0x0 C:/Portable/WinAVR-20090313/lib/gcc/avr/4.3.2/avr51\libgcc.a(_clear_bss.o)
 .bss           0x00000000        0x0 C:/Portable/WinAVR-20090313/lib/gcc/avr/4.3.2/avr51\libgcc.a(_clear_bss.o)
 .text.libgcc   0x00000000        0x0 C:/Portable/WinAVR-20090313/lib/gcc/avr/4.3.2/avr51\libgcc.a(_clear_bss.o)

Memory Configuration

Name             Origin             Length             Attributes
text             0x00000000         0x00020000         xr
data             0x00800060         0x0000ffa0         rw !x
eeprom           0x00810000         0x00010000         rw !x
fuse             0x00820000         0x00000400         rw !x
lock             0x00830000         0x00000400         rw !x
signature        0x00840000         0x00000400         rw !x
*default*        0x00000000         0xffffffff

Linker script and memory map

Address of section .data set to 0x800100
LOAD C:/Portable/WinAVR-20090313/lib/gcc/avr/4.3.2/../../../../avr/lib/avr51/crtusb1287.o
LOAD obj/wunder.o
LOAD usart.o
LOAD adc.o
LOAD diskio.o
LOAD leds.o
LOAD C:/Portable/WinAVR-20090313/lib/gcc/avr/4.3.2/../../../../avr/lib/avr51\libm.a
LOAD C:/Portable/WinAVR-20090313/lib/gcc/avr/4.3.2/avr51\libgcc.a
LOAD C:/Portable/WinAVR-20090313/lib/gcc/avr/4.3.2/../../../../avr/lib/avr51\libc.a
LOAD C:/Portable/WinAVR-20090313/lib/gcc/avr/4.3.2/avr51\libgcc.a

.hash
 *(.hash)

.dynsym
 *(.dynsym)

.dynstr
 *(.dynstr)

.gnu.version
 *(.gnu.version)

.gnu.version_d
 *(.gnu.version_d)

.gnu.version_r
 *(.gnu.version_r)

.rel.init
 *(.rel.init)

.rela.init
 *(.rela.init)

.rel.text
 *(.rel.text)
 *(.rel.text.*)
 *(.rel.gnu.linkonce.t*)

.rela.text
 *(.rela.text)
 *(.rela.text.*)
 *(.rela.gnu.linkonce.t*)

.rel.fini
 *(.rel.fini)

.rela.fini
 *(.rela.fini)

.rel.rodata
 *(.rel.rodata)
 *(.rel.rodata.*)
 *(.rel.gnu.linkonce.r*)

.rela.rodata
 *(.rela.rodata)
 *(.rela.rodata.*)
 *(.rela.gnu.linkonce.r*)

.rel.data
 *(.rel.data)
 *(.rel.data.*)
 *(.rel.gnu.linkonce.d*)

.rela.data
 *(.rela.data)
 *(.rela.data.*)
 *(.rela.gnu.linkonce.d*)

.rel.ctors
 *(.rel.ctors)

.rela.ctors
 *(.rela.ctors)

.rel.dtors
 *(.rel.dtors)

.rela.dtors
 *(.rela.dtors)

.rel.got
 *(.rel.got)

.rela.got
 *(.rela.got)

.rel.bss
 *(.rel.bss)

.rela.bss
 *(.rela.bss)

.rel.plt
 *(.rel.plt)

.rela.plt
 *(.rela.plt)

.text           0x00000000      0x53e
 *(.vectors)
 .vectors       0x00000000       0x98 C:/Portable/WinAVR-20090313/lib/gcc/avr/4.3.2/../../../../avr/lib/avr51/crtusb1287.o
                0x00000000                __vectors
                0x00000000                __vector_default
 *(.vectors)
 *(.progmem.gcc*)
 *(.progmem*)
                0x00000098                . = ALIGN (0x2)
                0x00000098                __trampolines_start = .
 *(.trampolines)
 .trampolines   0x00000098        0x0 linker stubs
 *(.trampolines*)
                0x00000098                __trampolines_end = .
 *(.jumptables)
 *(.jumptables*)
 *(.lowtext)
 *(.lowtext*)
                0x00000098                __ctors_start = .
 *(.ctors)
                0x00000098                __ctors_end = .
                0x00000098                __dtors_start = .
 *(.dtors)
                0x00000098                __dtors_end = .
 SORT(*)(.ctors)
 SORT(*)(.dtors)
 *(.init0)
 .init0         0x00000098        0x0 C:/Portable/WinAVR-20090313/lib/gcc/avr/4.3.2/../../../../avr/lib/avr51/crtusb1287.o
                0x00000098                __init
 *(.init0)
 *(.init1)
 *(.init1)
 *(.init2)
 .init2         0x00000098        0xc C:/Portable/WinAVR-20090313/lib/gcc/avr/4.3.2/../../../../avr/lib/avr51/crtusb1287.o
 *(.init2)
 *(.init3)
 *(.init3)
 *(.init4)
 .init4         0x000000a4       0x1a C:/Portable/WinAVR-20090313/lib/gcc/avr/4.3.2/../../../../avr/lib/avr51/crtusb1287.o
                0x000000a4                __do_copy_data
 .init4         0x000000be       0x10 C:/Portable/WinAVR-20090313/lib/gcc/avr/4.3.2/avr51\libgcc.a(_clear_bss.o)
                0x000000be                __do_clear_bss
 *(.init4)
 *(.init5)
 *(.init5)
 *(.init6)
 *(.init6)
 *(.init7)
 *(.init7)
 *(.init8)
 *(.init8)
 *(.init9)
 .init9         0x000000ce        0x4 C:/Portable/WinAVR-20090313/lib/gcc/avr/4.3.2/../../../../avr/lib/avr51/crtusb1287.o
 *(.init9)
 *(.text)
 .text          0x000000d2        0x2 C:/Portable/WinAVR-20090313/lib/gcc/avr/4.3.2/../../../../avr/lib/avr51/crtusb1287.o
                0x000000d2                __vector_22
                0x000000d2                __vector_28
                0x000000d2                __vector_1
                0x000000d2                __vector_32
                0x000000d2                __vector_34
                0x000000d2                __vector_24
                0x000000d2                __vector_12
                0x000000d2                __bad_interrupt
                0x000000d2                __vector_6
                0x000000d2                __vector_31
                0x000000d2                __vector_35
                0x000000d2                __vector_3
                0x000000d2                __vector_23
                0x000000d2                __vector_30
                0x000000d2                __vector_25
                0x000000d2                __vector_11
                0x000000d2                __vector_13
                0x000000d2                __vector_17
                0x000000d2                __vector_19
                0x000000d2                __vector_7
                0x000000d2                __vector_27
                0x000000d2                __vector_5
                0x000000d2                __vector_33
                0x000000d2                __vector_37
                0x000000d2                __vector_4
                0x000000d2                __vector_9
                0x000000d2                __vector_2
                0x000000d2                __vector_21
                0x000000d2                __vector_15
                0x000000d2                __vector_36
                0x000000d2                __vector_29
                0x000000d2                __vector_8
                0x000000d2                __vector_26
                0x000000d2                __vector_14
                0x000000d2                __vector_10
                0x000000d2                __vector_16
                0x000000d2                __vector_18
                0x000000d2                __vector_20
                0x000000d4                . = ALIGN (0x2)
 *(.text.*)
 .text.initialize
                0x000000d4       0x7c obj/wunder.o
                0x000000d4                initialize
 .text.main     0x00000150      0x1f8 obj/wunder.o
                0x00000150                main
 .text.USART_Init
                0x00000348       0x16 usart.o
                0x00000348                USART_Init
 .text.USART_Transmit
                0x0000035e        0xe usart.o
                0x0000035e                USART_Transmit
 .text.USART_SendString
                0x0000036c       0x26 usart.o
                0x0000036c                USART_SendString
 .text.ADCSetPrescaler
                0x00000392       0x14 adc.o
                0x00000392                ADCSetPrescaler
 .text.ADCSetFreeRunning
                0x000003a6       0x36 adc.o
                0x000003a6                ADCSetFreeRunning
 .text.ADCEnable
                0x000003dc        0xc adc.o
                0x000003dc                ADCEnable
 .text.ADCStart
                0x000003e8        0xc adc.o
                0x000003e8                ADCStart
 .text.ADCFinish
                0x000003f4        0xc adc.o
                0x000003f4                ADCFinish
 .text.ADCDone  0x00000400        0xc adc.o
                0x00000400                ADCDone
 .text.ADCSetReference
                0x0000040c       0x20 adc.o
                0x0000040c                ADCSetReference
 .text.SetupADC
                0x0000042c       0x1c adc.o
                0x0000042c                SetupADC
 .text.clearArray
                0x00000448        0x2 leds.o
                0x00000448                clearArray
 .text.set_array_blue
                0x0000044a       0x26 leds.o
                0x0000044a                set_array_blue
 .text.fplib    0x00000470        0x8 C:/Portable/WinAVR-20090313/lib/gcc/avr/4.3.2/../../../../avr/lib/avr51\libm.a(cmpsf2.o)
                0x00000470                __lesf2
                0x00000470                __nesf2
                0x00000470                __eqsf2
                0x00000470                __cmpsf2
                0x00000470                __ltsf2
 .text.fplib    0x00000478       0x7a C:/Portable/WinAVR-20090313/lib/gcc/avr/4.3.2/../../../../avr/lib/avr51\libm.a(floatsisf.o)
                0x0000047c                __floatsisf
                0x00000478                __floatunsisf
 .text.fplib    0x000004f2       0x48 C:/Portable/WinAVR-20090313/lib/gcc/avr/4.3.2/../../../../avr/lib/avr51\libm.a(fp_cmp.o)
                0x000004f2                __fp_cmp
                0x0000053a                . = ALIGN (0x2)
 *(.fini9)
 .fini9         0x0000053a        0x0 C:/Portable/WinAVR-20090313/lib/gcc/avr/4.3.2/avr51\libgcc.a(_exit.o)
                0x0000053a                exit
                0x0000053a                _exit
 *(.fini9)
 *(.fini8)
 *(.fini8)
 *(.fini7)
 *(.fini7)
 *(.fini6)
 *(.fini6)
 *(.fini5)
 *(.fini5)
 *(.fini4)
 *(.fini4)
 *(.fini3)
 *(.fini3)
 *(.fini2)
 *(.fini2)
 *(.fini1)
 *(.fini1)
 *(.fini0)
 .fini0         0x0000053a        0x4 C:/Portable/WinAVR-20090313/lib/gcc/avr/4.3.2/avr51\libgcc.a(_exit.o)
 *(.fini0)
                0x0000053e                _etext = .

.data           0x00800100       0xb4 load address 0x0000053e
                0x00800100                PROVIDE (__data_start, .)
 *(.data)
 .data          0x00800100       0xb4 obj/wunder.o
 *(.data*)
 *(.rodata)
 *(.rodata*)
 *(.gnu.linkonce.d*)
                0x008001b4                . = ALIGN (0x2)
                0x008001b4                _edata = .
                0x008001b4                PROVIDE (__data_end, .)

.bss            0x008001b4        0x0
                0x008001b4                PROVIDE (__bss_start, .)
 *(.bss)
 *(.bss*)
 *(COMMON)
                0x008001b4                PROVIDE (__bss_end, .)
                0x0000053e                __data_load_start = LOADADDR (.data)
                0x000005f2                __data_load_end = (__data_load_start + SIZEOF (.data))

.noinit         0x008001b4        0x0
                0x008001b4                PROVIDE (__noinit_start, .)
 *(.noinit*)
                0x008001b4                PROVIDE (__noinit_end, .)
                0x008001b4                _end = .
                0x008001b4                PROVIDE (__heap_start, .)

.eeprom         0x00810000        0x0
 *(.eeprom*)
                0x00810000                __eeprom_end = .

.fuse
 *(.fuse)
 *(.lfuse)
 *(.hfuse)
 *(.efuse)

.lock
 *(.lock*)

.signature
 *(.signature*)

.stab
 *(.stab)

.stabstr
 *(.stabstr)

.stab.excl
 *(.stab.excl)

.stab.exclstr
 *(.stab.exclstr)

.stab.index
 *(.stab.index)

.stab.indexstr
 *(.stab.indexstr)

.comment
 *(.comment)

.debug
 *(.debug)

.line
 *(.line)

.debug_srcinfo
 *(.debug_srcinfo)

.debug_sfnames
 *(.debug_sfnames)

.debug_aranges  0x00000000      0x1c8
 *(.debug_aranges)
 .debug_aranges
                0x00000000       0x28 obj/wunder.o
 .debug_aranges
                0x00000028       0x40 usart.o
 .debug_aranges
                0x00000068       0xa0 adc.o
 .debug_aranges
                0x00000108       0x88 diskio.o
 .debug_aranges
                0x00000190       0x38 leds.o

.debug_pubnames
                0x00000000      0x2b9
 *(.debug_pubnames)
 .debug_pubnames
                0x00000000       0x2a obj/wunder.o
 .debug_pubnames
                0x0000002a       0x6f usart.o
 .debug_pubnames
                0x00000099      0x141 adc.o
 .debug_pubnames
                0x000001da       0x85 diskio.o
 .debug_pubnames
                0x0000025f       0x5a leds.o

.debug_info     0x00000000     0x1136
 *(.debug_info)
 .debug_info    0x00000000      0x532 obj/wunder.o
 .debug_info    0x00000532      0x14f usart.o
 .debug_info    0x00000681      0x34a adc.o
 .debug_info    0x000009cb      0x52b diskio.o
 .debug_info    0x00000ef6      0x240 leds.o
 *(.gnu.linkonce.wi.*)

.debug_abbrev   0x00000000      0x5e2
 *(.debug_abbrev)
 .debug_abbrev  0x00000000      0x161 obj/wunder.o
 .debug_abbrev  0x00000161       0xd5 usart.o
 .debug_abbrev  0x00000236       0xf5 adc.o
 .debug_abbrev  0x0000032b      0x1be diskio.o
 .debug_abbrev  0x000004e9       0xf9 leds.o

.debug_line     0x00000000     0x1594
 *(.debug_line)
 .debug_line    0x00000000      0x43d obj/wunder.o
 .debug_line    0x0000043d      0x171 usart.o
 .debug_line    0x000005ae      0x3da adc.o
 .debug_line    0x00000988      0x9d8 diskio.o
 .debug_line    0x00001360      0x234 leds.o

.debug_frame    0x00000000      0x2f0
 *(.debug_frame)
 .debug_frame   0x00000000       0x30 obj/wunder.o
 .debug_frame   0x00000030       0x60 usart.o
 .debug_frame   0x00000090      0x120 adc.o
 .debug_frame   0x000001b0       0xf0 diskio.o
 .debug_frame   0x000002a0       0x50 leds.o

.debug_str      0x00000000      0x471
 *(.debug_str)
 .debug_str     0x00000000      0x127 obj/wunder.o
                                0x172 (size before relaxing)
 .debug_str     0x00000127       0x87 usart.o
                                0x104 (size before relaxing)
 .debug_str     0x000001ae      0x14f adc.o
                                0x1f3 (size before relaxing)
 .debug_str     0x000002fd      0x130 diskio.o
                                0x215 (size before relaxing)
 .debug_str     0x0000042d       0x44 leds.o
                                0x122 (size before relaxing)

.debug_loc      0x00000000      0xd44
 *(.debug_loc)
 .debug_loc     0x00000000      0x308 obj/wunder.o
 .debug_loc     0x00000308       0x3c usart.o
 .debug_loc     0x00000344      0x215 adc.o
 .debug_loc     0x00000559      0x74f diskio.o
 .debug_loc     0x00000ca8       0x9c leds.o

.debug_macinfo
 *(.debug_macinfo)
OUTPUT(wunder.elf elf32-avr)
LOAD linker stubs

.debug_ranges   0x00000000      0x1c8
 .debug_ranges  0x00000000       0x68 obj/wunder.o
 .debug_ranges  0x00000068       0x30 usart.o
 .debug_ranges  0x00000098       0x90 adc.o
 .debug_ranges  0x00000128       0x78 diskio.o
 .debug_ranges  0x000001a0       0x28 leds.o

.debug_pubtypes
                0x00000000       0xf2
 .debug_pubtypes
                0x00000000       0x2b usart.o
 .debug_pubtypes
                0x0000002b       0x34 adc.o
 .debug_pubtypes
                0x0000005f       0x68 diskio.o
 .debug_pubtypes
                0x000000c7       0x2b leds.o

Cross Reference Table

Symbol                                            File
ADCDisable                                        adc.o
ADCDisableInterrupt                               adc.o
ADCDone                                           adc.o
ADCEnable                                         adc.o
                                                  obj/wunder.o
ADCEnableInterrupt                                adc.o
ADCFinish                                         adc.o
ADCSetAdjust                                      adc.o
ADCSetChannel                                     adc.o
ADCSetFreeRunning                                 adc.o
ADCSetPrescaler                                   adc.o
ADCSetReference                                   adc.o
                                                  obj/wunder.o
ADCStart                                          adc.o
ReadADC                                           adc.o
ReadADCAveraged                                   adc.o
ReadPreciseADC                                    adc.o
ReadPreciseADCAveraged                            adc.o
SetupADC                                          adc.o
                                                  obj/wunder.o
USART_Available                                   usart.o
USART_Init                                        usart.o
                                                  obj/wunder.o
USART_Receive                                     usart.o
USART_SendString                                  usart.o
                                                  obj/wunder.o
USART_Transmit                                    usart.o
                                                  obj/wunder.o
__bad_interrupt                                   C:/Portable/WinAVR-20090313/lib/gcc/avr/4.3.2/../../../../avr/lib/avr51/crtusb1287.o
__bss_end                                         C:/Portable/WinAVR-20090313/lib/gcc/avr/4.3.2/avr51\libgcc.a(_clear_bss.o)
__bss_start                                       C:/Portable/WinAVR-20090313/lib/gcc/avr/4.3.2/avr51\libgcc.a(_clear_bss.o)
__cmpsf2                                          C:/Portable/WinAVR-20090313/lib/gcc/avr/4.3.2/../../../../avr/lib/avr51\libm.a(cmpsf2.o)
__data_end                                        C:/Portable/WinAVR-20090313/lib/gcc/avr/4.3.2/../../../../avr/lib/avr51/crtusb1287.o
__data_load_start                                 C:/Portable/WinAVR-20090313/lib/gcc/avr/4.3.2/../../../../avr/lib/avr51/crtusb1287.o
__data_start                                      C:/Portable/WinAVR-20090313/lib/gcc/avr/4.3.2/../../../../avr/lib/avr51/crtusb1287.o
__do_clear_bss                                    C:/Portable/WinAVR-20090313/lib/gcc/avr/4.3.2/avr51\libgcc.a(_clear_bss.o)
                                                  leds.o
                                                  diskio.o
                                                  adc.o
                                                  usart.o
__do_copy_data                                    C:/Portable/WinAVR-20090313/lib/gcc/avr/4.3.2/../../../../avr/lib/avr51/crtusb1287.o
                                                  leds.o
                                                  diskio.o
                                                  adc.o
                                                  usart.o
                                                  obj/wunder.o
__eqsf2                                           C:/Portable/WinAVR-20090313/lib/gcc/avr/4.3.2/../../../../avr/lib/avr51\libm.a(cmpsf2.o)
__floatsisf                                       C:/Portable/WinAVR-20090313/lib/gcc/avr/4.3.2/../../../../avr/lib/avr51\libm.a(floatsisf.o)
                                                  obj/wunder.o
__floatunsisf                                     C:/Portable/WinAVR-20090313/lib/gcc/avr/4.3.2/../../../../avr/lib/avr51\libm.a(floatsisf.o)
__fp_cmp                                          C:/Portable/WinAVR-20090313/lib/gcc/avr/4.3.2/../../../../avr/lib/avr51\libm.a(fp_cmp.o)
                                                  C:/Portable/WinAVR-20090313/lib/gcc/avr/4.3.2/../../../../avr/lib/avr51\libm.a(cmpsf2.o)
__heap_end                                        C:/Portable/WinAVR-20090313/lib/gcc/avr/4.3.2/../../../../avr/lib/avr51/crtusb1287.o
__init                                            C:/Portable/WinAVR-20090313/lib/gcc/avr/4.3.2/../../../../avr/lib/avr51/crtusb1287.o
__lesf2                                           C:/Portable/WinAVR-20090313/lib/gcc/avr/4.3.2/../../../../avr/lib/avr51\libm.a(cmpsf2.o)
                                                  obj/wunder.o
__ltsf2                                           C:/Portable/WinAVR-20090313/lib/gcc/avr/4.3.2/../../../../avr/lib/avr51\libm.a(cmpsf2.o)
__nesf2                                           C:/Portable/WinAVR-20090313/lib/gcc/avr/4.3.2/../../../../avr/lib/avr51\libm.a(cmpsf2.o)
__stack                                           C:/Portable/WinAVR-20090313/lib/gcc/avr/4.3.2/../../../../avr/lib/avr51/crtusb1287.o
__udivmodhi4                                      C:/Portable/WinAVR-20090313/lib/gcc/avr/4.3.2/avr51\libgcc.a(_udivmodhi4.o)
                                                  adc.o
__vector_1                                        C:/Portable/WinAVR-20090313/lib/gcc/avr/4.3.2/../../../../avr/lib/avr51/crtusb1287.o
__vector_10                                       C:/Portable/WinAVR-20090313/lib/gcc/avr/4.3.2/../../../../avr/lib/avr51/crtusb1287.o
__vector_11                                       C:/Portable/WinAVR-20090313/lib/gcc/avr/4.3.2/../../../../avr/lib/avr51/crtusb1287.o
__vector_12                                       C:/Portable/WinAVR-20090313/lib/gcc/avr/4.3.2/../../../../avr/lib/avr51/crtusb1287.o
__vector_13                                       C:/Portable/WinAVR-20090313/lib/gcc/avr/4.3.2/../../../../avr/lib/avr51/crtusb1287.o
__vector_14                                       C:/Portable/WinAVR-20090313/lib/gcc/avr/4.3.2/../../../../avr/lib/avr51/crtusb1287.o
__vector_15                                       C:/Portable/WinAVR-20090313/lib/gcc/avr/4.3.2/../../../../avr/lib/avr51/crtusb1287.o
__vector_16                                       C:/Portable/WinAVR-20090313/lib/gcc/avr/4.3.2/../../../../avr/lib/avr51/crtusb1287.o
__vector_17                                       C:/Portable/WinAVR-20090313/lib/gcc/avr/4.3.2/../../../../avr/lib/avr51/crtusb1287.o
__vector_18                                       C:/Portable/WinAVR-20090313/lib/gcc/avr/4.3.2/../../../../avr/lib/avr51/crtusb1287.o
__vector_19                                       C:/Portable/WinAVR-20090313/lib/gcc/avr/4.3.2/../../../../avr/lib/avr51/crtusb1287.o
__vector_2                                        C:/Portable/WinAVR-20090313/lib/gcc/avr/4.3.2/../../../../avr/lib/avr51/crtusb1287.o
__vector_20                                       C:/Portable/WinAVR-20090313/lib/gcc/avr/4.3.2/../../../../avr/lib/avr51/crtusb1287.o
__vector_21                                       C:/Portable/WinAVR-20090313/lib/gcc/avr/4.3.2/../../../../avr/lib/avr51/crtusb1287.o
__vector_22                                       C:/Portable/WinAVR-20090313/lib/gcc/avr/4.3.2/../../../../avr/lib/avr51/crtusb1287.o
__vector_23                                       C:/Portable/WinAVR-20090313/lib/gcc/avr/4.3.2/../../../../avr/lib/avr51/crtusb1287.o
__vector_24                                       C:/Portable/WinAVR-20090313/lib/gcc/avr/4.3.2/../../../../avr/lib/avr51/crtusb1287.o
__vector_25                                       C:/Portable/WinAVR-20090313/lib/gcc/avr/4.3.2/../../../../avr/lib/avr51/crtusb1287.o
__vector_26                                       C:/Portable/WinAVR-20090313/lib/gcc/avr/4.3.2/../../../../avr/lib/avr51/crtusb1287.o
__vector_27                                       C:/Portable/WinAVR-20090313/lib/gcc/avr/4.3.2/../../../../avr/lib/avr51/crtusb1287.o
__vector_28                                       C:/Portable/WinAVR-20090313/lib/gcc/avr/4.3.2/../../../../avr/lib/avr51/crtusb1287.o
__vector_29                                       C:/Portable/WinAVR-20090313/lib/gcc/avr/4.3.2/../../../../avr/lib/avr51/crtusb1287.o
__vector_3                                        C:/Portable/WinAVR-20090313/lib/gcc/avr/4.3.2/../../../../avr/lib/avr51/crtusb1287.o
__vector_30                                       C:/Portable/WinAVR-20090313/lib/gcc/avr/4.3.2/../../../../avr/lib/avr51/crtusb1287.o
__vector_31                                       C:/Portable/WinAVR-20090313/lib/gcc/avr/4.3.2/../../../../avr/lib/avr51/crtusb1287.o
__vector_32                                       C:/Portable/WinAVR-20090313/lib/gcc/avr/4.3.2/../../../../avr/lib/avr51/crtusb1287.o
__vector_33                                       C:/Portable/WinAVR-20090313/lib/gcc/avr/4.3.2/../../../../avr/lib/avr51/crtusb1287.o
__vector_34                                       C:/Portable/WinAVR-20090313/lib/gcc/avr/4.3.2/../../../../avr/lib/avr51/crtusb1287.o
__vector_35                                       C:/Portable/WinAVR-20090313/lib/gcc/avr/4.3.2/../../../../avr/lib/avr51/crtusb1287.o
__vector_36                                       C:/Portable/WinAVR-20090313/lib/gcc/avr/4.3.2/../../../../avr/lib/avr51/crtusb1287.o
__vector_37                                       C:/Portable/WinAVR-20090313/lib/gcc/avr/4.3.2/../../../../avr/lib/avr51/crtusb1287.o
__vector_4                                        C:/Portable/WinAVR-20090313/lib/gcc/avr/4.3.2/../../../../avr/lib/avr51/crtusb1287.o
__vector_5                                        C:/Portable/WinAVR-20090313/lib/gcc/avr/4.3.2/../../../../avr/lib/avr51/crtusb1287.o
__vector_6                                        C:/Portable/WinAVR-20090313/lib/gcc/avr/4.3.2/../../../../avr/lib/avr51/crtusb1287.o
__vector_7                                        C:/Portable/WinAVR-20090313/lib/gcc/avr/4.3.2/../../../../avr/lib/avr51/crtusb1287.o
__vector_8                                        C:/Portable/WinAVR-20090313/lib/gcc/avr/4.3.2/../../../../avr/lib/avr51/crtusb1287.o
__vector_9                                        C:/Portable/WinAVR-20090313/lib/gcc/avr/4.3.2/../../../../avr/lib/avr51/crtusb1287.o
__vector_default                                  C:/Portable/WinAVR-20090313/lib/gcc/avr/4.3.2/../../../../avr/lib/avr51/crtusb1287.o
__vectors                                         C:/Portable/WinAVR-20090313/lib/gcc/avr/4.3.2/../../../../avr/lib/avr51/crtusb1287.o
_exit                                             C:/Portable/WinAVR-20090313/lib/gcc/avr/4.3.2/avr51\libgcc.a(_exit.o)
clearArray                                        leds.o
                                                  obj/wunder.o
disk_initialize                                   diskio.o
disk_ioctl                                        diskio.o
disk_read                                         diskio.o
disk_status                                       diskio.o
disk_timerproc                                    diskio.o
disk_write                                        diskio.o
exit                                              C:/Portable/WinAVR-20090313/lib/gcc/avr/4.3.2/avr51\libgcc.a(_exit.o)
                                                  C:/Portable/WinAVR-20090313/lib/gcc/avr/4.3.2/../../../../avr/lib/avr51/crtusb1287.o
get_fattime                                       diskio.o
initialize                                        obj/wunder.o
main                                              obj/wunder.o
                                                  C:/Portable/WinAVR-20090313/lib/gcc/avr/4.3.2/../../../../avr/lib/avr51/crtusb1287.o
set_array_blue                                    leds.o
                                                  obj/wunder.o
set_array_green                                   leds.o
set_array_red                                     leds.o
